// Jest Snapshot v1, https://goo.gl/fbAQLP

exports[`Projects should match the snapshot with all data passed in 1`] = `
<section
  className="Projects"
>
  <div>
    <div>
      <div
        className="projList"
      >
        <img
          alt="trashcan"
          className="modal-delete"
          onClick={[Function]}
          src="trash.svg"
        />
        <h2>
          FALL COLORS
        </h2>
      </div>
      <div
        className="palList"
      >
        <div
          className="hover"
          onClick={[Function]}
        >
          <img
            alt="trashcan"
            className="modal-delete-small"
            onClick={[Function]}
            src="trash.svg"
          />
          <ColorSmall
            color="#baddc3"
            key="1"
          />
          <ColorSmall
            color="#ff6767"
            key="2"
          />
          <ColorSmall
            color="#ffe596"
            key="3"
          />
          <ColorSmall
            color="#b3e6ff"
            key="4"
          />
          <ColorSmall
            color="#632ad7"
            key="5"
          />
        </div>
        <h4>
          PAL1
        </h4>
      </div>
      <div
        className="palList"
      >
        <div
          className="hover"
          onClick={[Function]}
        >
          <img
            alt="trashcan"
            className="modal-delete-small"
            onClick={[Function]}
            src="trash.svg"
          />
          <ColorSmall
            color="#ab7146"
            key="1"
          />
          <ColorSmall
            color="#b3e6ff"
            key="2"
          />
          <ColorSmall
            color="#41406d"
            key="3"
          />
          <ColorSmall
            color="#b3e66tr"
            key="4"
          />
          <ColorSmall
            color="#41406d"
            key="5"
          />
        </div>
        <h4>
          PAL2
        </h4>
      </div>
    </div>
    <div>
      <div
        className="projList"
      >
        <img
          alt="trashcan"
          className="modal-delete"
          onClick={[Function]}
          src="trash.svg"
        />
        <h2>
          OCEAN VIBES
        </h2>
      </div>
    </div>
    <div>
      <div
        className="projList"
      >
        <img
          alt="trashcan"
          className="modal-delete"
          onClick={[Function]}
          src="trash.svg"
        />
        <h2>
          SEEING RED
        </h2>
      </div>
      <div
        className="palList"
      >
        <div
          className="hover"
          onClick={[Function]}
        >
          <img
            alt="trashcan"
            className="modal-delete-small"
            onClick={[Function]}
            src="trash.svg"
          />
          <ColorSmall
            color="#993f42"
            key="1"
          />
          <ColorSmall
            color="#d8ac97"
            key="2"
          />
          <ColorSmall
            color="#4e6cc4"
            key="3"
          />
          <ColorSmall
            color="#b4r35"
            key="4"
          />
          <ColorSmall
            color="#41406d"
            key="5"
          />
        </div>
        <h4>
          PAL3
        </h4>
      </div>
    </div>
  </div>
</section>
`;
